// Jest Snapshot v1, https://goo.gl/fbAQLP

exports[`itemCard test component render correctly 1`] = `ShallowWrapper {}`;
